   Compiling chat-gateway v0.1.0 (C:\Users\hvipa\Downloads\New NOVA\onespace\services\chat-gateway)
warning: variants `Presence` and `Typing` are never constructed
  --> src\messages.rs:37:5
   |
31 | pub enum ServerMessage {
   |          ------------- variants in this enum
...
37 |     Presence {
   |     ^^^^^^^^
...
42 |     Typing {
   |     ^^^^^^
   |
   = note: `ServerMessage` has derived impls for the traits `Clone` and `Debug`, but these are intentionally ignored during dead code analysis
   = note: `#[warn(dead_code)]` (part of `#[warn(unused)]`) on by default

warning: field `workspace_id` is never read
 --> src\state.rs:8:9
  |
6 | pub struct Connection {
  |            ---------- field in this struct
7 |     pub user_id: String,
8 |     pub workspace_id: String,
  |         ^^^^^^^^^^^^
  |
  = note: `Connection` has derived impls for the traits `Clone` and `Debug`, but these are intentionally ignored during dead code analysis

warning: field `nextjs_api_url` is never read
  --> src\state.rs:28:9
   |
14 | pub struct GatewayState {
   |            ------------ field in this struct
...
28 |     pub nextjs_api_url: String,
   |         ^^^^^^^^^^^^^^
   |
   = note: `GatewayState` has a derived impl for the trait `Clone`, but this is intentionally ignored during dead code analysis

warning: `chat-gateway` (bin "chat-gateway") generated 3 warnings
    Finished `dev` profile [unoptimized + debuginfo] target(s) in 10.88s
warning: the following packages contain code that will be rejected by a future version of Rust: sqlx-postgres v0.7.4
note: to see what the problems were, use the option `--future-incompat-report`, or run `cargo report future-incompatibilities --id 1`
     Running `target\debug\chat-gateway.exe`
[2m2026-08-20T10:55:57.506298Z[0m [33m WARN[0m [2msqlx_postgres::options::parse[0m[2m:[0m ignoring unrecognized connect parameter [3mkey[0m[2m=[0mschema [3mvalue[0m[2m=[0mpublic
[2m2026-08-20T10:55:57.547230Z[0m [32m INFO[0m [2mchat_gateway[0m[2m:[0m N0VA Chat Gateway starting on 0.0.0.0:8080
[2m2026-08-20T10:55:57.547636Z[0m [32m INFO[0m [2mactix_server::builder[0m[2m:[0m starting 32 workers
[2m2026-08-20T10:55:57.547691Z[0m [32m INFO[0m [2mactix_server::server[0m[2m:[0m Actix runtime found; starting in Actix runtime
[2m2026-08-20T10:55:57.547709Z[0m [32m INFO[0m [2mactix_server::server[0m[2m:[0m starting service: "actix-web-service-0.0.0.0:8080", workers: 32, listening on: 0.0.0.0:8080
[2m2026-08-20T10:55:57.604768Z[0m [32m INFO[0m [2mchat_gateway::redis[0m[2m:[0m Redis pubsub listener started on channel: n0va:chat:events
[2m2026-08-20T10:56:23.867810Z[0m [32m INFO[0m [2mactix_web::middleware::logger[0m[2m:[0m 127.0.0.1 "GET /health HTTP/1.1" 200 68 "-" "Mozilla/5.0 (Windows NT; Windows NT 10.0; en-IN) WindowsPowerShell/5.1.26100.6584" 0.000440
[2m2026-08-20T10:56:38.149494Z[0m [32m INFO[0m [2mchat_gateway::ws[0m[2m:[0m WebSocket connection request: user=48c6dc1d-94ba-43d3-9988-7b19d221ef04 workspace=a31eace9-d47b-49c2-be54-380b1a33c03f
[2m2026-08-20T10:56:38.156032Z[0m [34mDEBUG[0m [2mchat_gateway::ws[0m[2m:[0m User 48c6dc1d-94ba-43d3-9988-7b19d221ef04 subscribed to channel b643c8db-085b-4c54-8cbc-2c80d1351533
[2m2026-08-20T10:56:38.216722Z[0m [32m INFO[0m [2mchat_gateway::ws[0m[2m:[0m Client 48c6dc1d-94ba-43d3-9988-7b19d221ef04 closed connection
[2m2026-08-20T10:56:38.216931Z[0m [34mDEBUG[0m [2mchat_gateway::ws[0m[2m:[0m Send channel closed for user: 48c6dc1d-94ba-43d3-9988-7b19d221ef04
[2m2026-08-20T10:56:38.220473Z[0m [32m INFO[0m [2mactix_web::middleware::logger[0m[2m:[0m 127.0.0.1 "GET /ws?token=eyJhbGciOiJIUzI1NiJ9.eyJzdWIiOiI0OGM2ZGMxZC05NGJhLTQzZDMtOTk4OC03YjE5ZDIyMWVmMDQiLCJ3b3Jrc3BhY2VfaWQiOiJhMzFlYWNlOS1kNDdiLTQ5YzItYmU1NC0zODBiMWEzM2MwM2YiLCJpYXQiOjE3ODcyMjMzOTcsImV4cCI6MTc4NzIyMzk5N30.0uG4ctdEIm4FSEKoFGtNaGTMQgo103X8z5H0AHT6Bko HTTP/1.1" 101 874 "-" "node" 0.071433
